// Jest Snapshot v1, https://goo.gl/fbAQLP

exports[`SpotCutout Renders properly with defaults 1`] = `
<Modal
  animationType="fade"
  hardwareAccelerated={false}
  presentationStyle="overFullScreen"
  transparent={true}
  visible={false}
/>
`;
