// Jest Snapshot v1, https://goo.gl/fbAQLP

exports[`Chat screen Renders correctly 1`] = `
<RNCSafeAreaView
  edges={
    Array [
      "bottom",
      "left",
      "right",
    ]
  }
  style={
    Object {
      "flex": 1,
      "paddingTop": 20,
    }
  }
>
  <View
    onLayout={[Function]}
    style={
      Object {
        "flex": 1,
      }
    }
    testID="GC_LOADING_CONTAINER"
  />
</RNCSafeAreaView>
`;
